mode: set
github.com/jedarden/commitgraph/pkg/pg/identity.go:51.46,53.2 1 1
github.com/jedarden/commitgraph/pkg/pg/identity.go:55.107,57.2 1 1
github.com/jedarden/commitgraph/pkg/pg/identity.go:59.99,61.2 1 0
github.com/jedarden/commitgraph/pkg/pg/identity.go:63.106,65.2 1 1
github.com/jedarden/commitgraph/pkg/pg/identity.go:68.57,70.2 1 1
github.com/jedarden/commitgraph/pkg/pg/identity.go:94.134,95.20 1 1
github.com/jedarden/commitgraph/pkg/pg/identity.go:95.20,101.3 1 1
github.com/jedarden/commitgraph/pkg/pg/identity.go:105.2,112.29 3 1
github.com/jedarden/commitgraph/pkg/pg/identity.go:112.29,114.3 1 1
github.com/jedarden/commitgraph/pkg/pg/identity.go:117.2,123.16 3 1
github.com/jedarden/commitgraph/pkg/pg/identity.go:123.16,125.3 1 1
github.com/jedarden/commitgraph/pkg/pg/identity.go:126.2,128.24 2 1
github.com/jedarden/commitgraph/pkg/pg/identity.go:128.24,131.79 3 1
github.com/jedarden/commitgraph/pkg/pg/identity.go:131.79,133.4 1 0
github.com/jedarden/commitgraph/pkg/pg/identity.go:134.3,142.4 1 1
github.com/jedarden/commitgraph/pkg/pg/identity.go:144.2,144.29 1 1
github.com/jedarden/commitgraph/pkg/pg/identity.go:144.29,146.3 1 0
github.com/jedarden/commitgraph/pkg/pg/identity.go:150.2,153.27 3 1
github.com/jedarden/commitgraph/pkg/pg/identity.go:153.27,155.14 2 1
github.com/jedarden/commitgraph/pkg/pg/identity.go:155.14,158.12 2 1
github.com/jedarden/commitgraph/pkg/pg/identity.go:162.3,165.18 2 1
github.com/jedarden/commitgraph/pkg/pg/identity.go:165.18,167.35 1 1
github.com/jedarden/commitgraph/pkg/pg/identity.go:167.35,170.5 1 1
github.com/jedarden/commitgraph/pkg/pg/identity.go:170.10,173.5 1 1
github.com/jedarden/commitgraph/pkg/pg/identity.go:174.9,176.4 1 1
github.com/jedarden/commitgraph/pkg/pg/identity.go:182.2,203.29 6 1
github.com/jedarden/commitgraph/pkg/pg/identity.go:203.29,208.3 4 1
github.com/jedarden/commitgraph/pkg/pg/identity.go:211.2,212.16 2 1
github.com/jedarden/commitgraph/pkg/pg/identity.go:212.16,214.3 1 0
github.com/jedarden/commitgraph/pkg/pg/identity.go:217.2,218.16 2 1
github.com/jedarden/commitgraph/pkg/pg/identity.go:218.16,221.3 1 0
github.com/jedarden/commitgraph/pkg/pg/identity.go:224.2,233.8 4 1
github.com/jedarden/commitgraph/pkg/pg/repo.go:47.96,48.20 1 1
github.com/jedarden/commitgraph/pkg/pg/repo.go:48.20,50.3 1 1
github.com/jedarden/commitgraph/pkg/pg/repo.go:51.2,51.24 1 1
github.com/jedarden/commitgraph/pkg/pg/repo.go:51.24,53.3 1 1
github.com/jedarden/commitgraph/pkg/pg/repo.go:55.2,57.16 3 1
github.com/jedarden/commitgraph/pkg/pg/repo.go:57.16,59.3 1 0
github.com/jedarden/commitgraph/pkg/pg/repo.go:60.2,60.20 1 1
github.com/jedarden/commitgraph/pkg/pg/repo.go:69.49,71.2 1 1
github.com/jedarden/commitgraph/pkg/pg/repo.go:98.97,99.24 1 1
github.com/jedarden/commitgraph/pkg/pg/repo.go:99.24,101.3 1 1
github.com/jedarden/commitgraph/pkg/pg/repo.go:102.2,102.28 1 1
github.com/jedarden/commitgraph/pkg/pg/repo.go:102.28,104.3 1 1
github.com/jedarden/commitgraph/pkg/pg/repo.go:105.2,105.24 1 1
github.com/jedarden/commitgraph/pkg/pg/repo.go:105.24,107.3 1 1
github.com/jedarden/commitgraph/pkg/pg/repo.go:109.2,112.27 3 1
github.com/jedarden/commitgraph/pkg/pg/repo.go:112.27,121.3 2 1
github.com/jedarden/commitgraph/pkg/pg/repo.go:121.8,123.31 1 1
github.com/jedarden/commitgraph/pkg/pg/repo.go:123.31,125.4 1 1
github.com/jedarden/commitgraph/pkg/pg/repo.go:126.3,132.92 2 1
github.com/jedarden/commitgraph/pkg/pg/repo.go:135.2,136.16 2 1
github.com/jedarden/commitgraph/pkg/pg/repo.go:136.16,138.3 1 1
github.com/jedarden/commitgraph/pkg/pg/repo.go:140.2,141.26 2 1
github.com/jedarden/commitgraph/pkg/pg/repo.go:146.117,147.20 1 1
github.com/jedarden/commitgraph/pkg/pg/repo.go:147.20,149.3 1 1
github.com/jedarden/commitgraph/pkg/pg/repo.go:150.2,150.24 1 1
github.com/jedarden/commitgraph/pkg/pg/repo.go:150.24,152.3 1 1
github.com/jedarden/commitgraph/pkg/pg/repo.go:154.2,164.16 5 1
github.com/jedarden/commitgraph/pkg/pg/repo.go:164.16,166.3 1 0
github.com/jedarden/commitgraph/pkg/pg/repo.go:169.2,170.27 2 1
github.com/jedarden/commitgraph/pkg/pg/repo.go:170.27,172.3 1 0
github.com/jedarden/commitgraph/pkg/pg/repo.go:174.2,174.32 1 1
github.com/jedarden/commitgraph/pkg/pg/repo.go:179.85,188.16 3 1
github.com/jedarden/commitgraph/pkg/pg/repo.go:188.16,190.3 1 1
github.com/jedarden/commitgraph/pkg/pg/repo.go:191.2,194.18 3 1
github.com/jedarden/commitgraph/pkg/pg/repo.go:194.18,199.17 4 0
github.com/jedarden/commitgraph/pkg/pg/repo.go:199.17,201.4 1 0
github.com/jedarden/commitgraph/pkg/pg/repo.go:203.3,203.28 1 0
github.com/jedarden/commitgraph/pkg/pg/repo.go:203.28,205.4 1 0
github.com/jedarden/commitgraph/pkg/pg/repo.go:207.3,207.40 1 0
github.com/jedarden/commitgraph/pkg/pg/repo.go:210.2,210.37 1 1
github.com/jedarden/commitgraph/pkg/pg/repo.go:210.37,212.3 1 0
github.com/jedarden/commitgraph/pkg/pg/repo.go:214.2,214.24 1 1
github.com/jedarden/commitgraph/pkg/pg/test_helpers.go:4.38,6.2 1 1
github.com/jedarden/commitgraph/pkg/pg/test_helpers.go:8.42,9.43 1 1
github.com/jedarden/commitgraph/pkg/pg/test_helpers.go:9.43,10.35 1 1
github.com/jedarden/commitgraph/pkg/pg/test_helpers.go:10.35,12.4 1 1
github.com/jedarden/commitgraph/pkg/pg/test_helpers.go:14.2,14.14 1 0
github.com/jedarden/commitgraph/pkg/pg/test_mocks.go:24.114,27.19 3 1
github.com/jedarden/commitgraph/pkg/pg/test_mocks.go:27.19,29.3 1 1
github.com/jedarden/commitgraph/pkg/pg/test_mocks.go:30.2,30.55 1 1
github.com/jedarden/commitgraph/pkg/pg/test_mocks.go:33.114,36.19 3 1
github.com/jedarden/commitgraph/pkg/pg/test_mocks.go:36.19,38.3 1 0
github.com/jedarden/commitgraph/pkg/pg/test_mocks.go:43.2,43.81 1 1
github.com/jedarden/commitgraph/pkg/pg/test_mocks.go:46.107,52.2 3 0
github.com/jedarden/commitgraph/pkg/pg/test_mocks.go:65.108,68.19 3 1
github.com/jedarden/commitgraph/pkg/pg/test_mocks.go:68.19,70.3 1 1
github.com/jedarden/commitgraph/pkg/pg/test_mocks.go:71.2,71.55 1 1
github.com/jedarden/commitgraph/pkg/pg/test_mocks.go:74.107,77.19 3 1
github.com/jedarden/commitgraph/pkg/pg/test_mocks.go:77.19,79.3 1 1
github.com/jedarden/commitgraph/pkg/pg/test_mocks.go:81.2,81.25 1 1
github.com/jedarden/commitgraph/pkg/pg/test_mocks.go:84.100,89.2 3 1
github.com/jedarden/commitgraph/pkg/pg/test_mocks.go:97.52,99.2 1 1
github.com/jedarden/commitgraph/pkg/pg/test_mocks.go:101.52,103.2 1 0
github.com/jedarden/commitgraph/pkg/pg/test_mocks.go:110.36,112.2 1 1
github.com/jedarden/commitgraph/pkg/pg/test_mocks.go:121.32,122.34 1 1
github.com/jedarden/commitgraph/pkg/pg/test_mocks.go:122.34,125.3 2 1
github.com/jedarden/commitgraph/pkg/pg/test_mocks.go:126.2,126.14 1 1
github.com/jedarden/commitgraph/pkg/pg/test_mocks.go:129.52,130.19 1 0
github.com/jedarden/commitgraph/pkg/pg/test_mocks.go:130.19,132.3 1 0
github.com/jedarden/commitgraph/pkg/pg/test_mocks.go:134.2,134.57 1 0
github.com/jedarden/commitgraph/pkg/pg/test_mocks.go:134.57,136.75 2 0
github.com/jedarden/commitgraph/pkg/pg/test_mocks.go:136.75,137.27 1 0
github.com/jedarden/commitgraph/pkg/pg/test_mocks.go:137.27,138.35 1 0
github.com/jedarden/commitgraph/pkg/pg/test_mocks.go:138.35,140.6 1 0
github.com/jedarden/commitgraph/pkg/pg/test_mocks.go:144.2,144.12 1 0
github.com/jedarden/commitgraph/pkg/pg/test_mocks.go:147.34,149.2 1 1
github.com/jedarden/commitgraph/pkg/pg/test_mocks.go:151.32,152.19 1 1
github.com/jedarden/commitgraph/pkg/pg/test_mocks.go:152.19,154.3 1 0
github.com/jedarden/commitgraph/pkg/pg/test_mocks.go:155.2,155.12 1 1
github.com/jedarden/commitgraph/pkg/pg/test_mocks.go:172.123,175.19 3 1
github.com/jedarden/commitgraph/pkg/pg/test_mocks.go:175.19,177.3 1 1
github.com/jedarden/commitgraph/pkg/pg/test_mocks.go:181.2,182.45 2 1
github.com/jedarden/commitgraph/pkg/pg/test_mocks.go:182.45,184.3 1 1
github.com/jedarden/commitgraph/pkg/pg/test_mocks.go:187.2,188.31 2 1
github.com/jedarden/commitgraph/pkg/pg/test_mocks.go:188.31,189.54 1 1
github.com/jedarden/commitgraph/pkg/pg/test_mocks.go:189.54,196.4 1 1
github.com/jedarden/commitgraph/pkg/pg/test_mocks.go:199.2,203.8 1 1
github.com/jedarden/commitgraph/pkg/pg/test_mocks.go:213.67,214.19 1 1
github.com/jedarden/commitgraph/pkg/pg/test_mocks.go:214.19,216.3 1 0
github.com/jedarden/commitgraph/pkg/pg/test_mocks.go:217.2,217.31 1 1
github.com/jedarden/commitgraph/pkg/pg/test_mocks.go:217.31,219.3 1 0
github.com/jedarden/commitgraph/pkg/pg/test_mocks.go:221.2,222.18 2 1
github.com/jedarden/commitgraph/pkg/pg/test_mocks.go:222.18,224.3 1 0
github.com/jedarden/commitgraph/pkg/pg/test_mocks.go:227.2,227.20 1 1
github.com/jedarden/commitgraph/pkg/pg/test_mocks.go:227.20,228.44 1 1
github.com/jedarden/commitgraph/pkg/pg/test_mocks.go:228.44,230.4 1 1
github.com/jedarden/commitgraph/pkg/pg/test_mocks.go:231.3,231.44 1 1
github.com/jedarden/commitgraph/pkg/pg/test_mocks.go:231.44,233.4 1 1
github.com/jedarden/commitgraph/pkg/pg/test_mocks.go:234.3,234.45 1 1
github.com/jedarden/commitgraph/pkg/pg/test_mocks.go:234.45,236.4 1 1
github.com/jedarden/commitgraph/pkg/pg/test_mocks.go:237.3,237.46 1 1
github.com/jedarden/commitgraph/pkg/pg/test_mocks.go:237.46,239.18 2 1
github.com/jedarden/commitgraph/pkg/pg/test_mocks.go:239.18,241.5 1 0
github.com/jedarden/commitgraph/pkg/pg/test_mocks.go:242.4,242.25 1 1
github.com/jedarden/commitgraph/pkg/pg/test_mocks.go:246.2,247.12 2 1
github.com/jedarden/commitgraph/pkg/pg/test_mocks.go:250.61,252.27 2 1
github.com/jedarden/commitgraph/pkg/pg/test_mocks.go:252.27,254.3 1 1
github.com/jedarden/commitgraph/pkg/pg/test_mocks.go:255.2,255.15 1 1
github.com/jedarden/commitgraph/pkg/pg/test_mocks.go:264.51,265.19 1 1
github.com/jedarden/commitgraph/pkg/pg/test_mocks.go:265.19,267.3 1 0
github.com/jedarden/commitgraph/pkg/pg/test_mocks.go:268.2,268.12 1 1
github.com/jedarden/commitgraph/pkg/pg/user_aliases.go:26.53,28.2 1 1
github.com/jedarden/commitgraph/pkg/pg/user_aliases.go:46.83,47.20 1 1
github.com/jedarden/commitgraph/pkg/pg/user_aliases.go:47.20,49.3 1 1
github.com/jedarden/commitgraph/pkg/pg/user_aliases.go:52.2,70.29 6 1
github.com/jedarden/commitgraph/pkg/pg/user_aliases.go:70.29,75.3 4 1
github.com/jedarden/commitgraph/pkg/pg/user_aliases.go:78.2,79.16 2 1
github.com/jedarden/commitgraph/pkg/pg/user_aliases.go:79.16,81.3 1 1
github.com/jedarden/commitgraph/pkg/pg/user_aliases.go:84.2,87.12 3 1
github.com/jedarden/commitgraph/pkg/pg/user_aliases.go:92.89,100.16 3 1
github.com/jedarden/commitgraph/pkg/pg/user_aliases.go:100.16,102.3 1 1
github.com/jedarden/commitgraph/pkg/pg/user_aliases.go:103.2,106.18 3 1
github.com/jedarden/commitgraph/pkg/pg/user_aliases.go:106.18,108.63 2 1
github.com/jedarden/commitgraph/pkg/pg/user_aliases.go:108.63,110.4 1 0
github.com/jedarden/commitgraph/pkg/pg/user_aliases.go:111.3,111.37 1 1
github.com/jedarden/commitgraph/pkg/pg/user_aliases.go:114.2,114.35 1 1
github.com/jedarden/commitgraph/pkg/pg/user_aliases.go:114.35,116.3 1 0
github.com/jedarden/commitgraph/pkg/pg/user_aliases.go:118.2,118.21 1 1
github.com/jedarden/commitgraph/pkg/pg/user_aliases.go:123.103,124.28 1 1
github.com/jedarden/commitgraph/pkg/pg/user_aliases.go:124.28,126.3 1 1
github.com/jedarden/commitgraph/pkg/pg/user_aliases.go:128.2,135.16 3 1
github.com/jedarden/commitgraph/pkg/pg/user_aliases.go:135.16,137.3 1 1
github.com/jedarden/commitgraph/pkg/pg/user_aliases.go:139.2,140.26 2 1
github.com/jedarden/commitgraph/pkg/pg/users.go:93.99,95.22 2 1
github.com/jedarden/commitgraph/pkg/pg/users.go:95.22,97.3 1 1
github.com/jedarden/commitgraph/pkg/pg/users.go:99.2,100.16 2 1
github.com/jedarden/commitgraph/pkg/pg/users.go:100.16,102.3 1 0
github.com/jedarden/commitgraph/pkg/pg/users.go:103.2,105.18 2 1
github.com/jedarden/commitgraph/pkg/pg/users.go:105.18,108.52 3 1
github.com/jedarden/commitgraph/pkg/pg/users.go:108.52,110.4 1 0
github.com/jedarden/commitgraph/pkg/pg/users.go:111.3,111.25 1 1
github.com/jedarden/commitgraph/pkg/pg/users.go:113.2,113.35 1 1
github.com/jedarden/commitgraph/pkg/pg/users.go:113.35,115.3 1 0
github.com/jedarden/commitgraph/pkg/pg/users.go:117.2,117.20 1 1
