mode: count
github.com/jedarden/commitgraph/pkg/ingestlog/error_serializer.go:23.45,24.16 1 41
github.com/jedarden/commitgraph/pkg/ingestlog/error_serializer.go:24.16,26.3 1 7
github.com/jedarden/commitgraph/pkg/ingestlog/error_serializer.go:29.2,41.3 4 34
github.com/jedarden/commitgraph/pkg/ingestlog/error_serializer.go:56.72,57.16 1 4
github.com/jedarden/commitgraph/pkg/ingestlog/error_serializer.go:57.16,59.3 1 0
github.com/jedarden/commitgraph/pkg/ingestlog/error_serializer.go:62.2,74.3 4 4
github.com/jedarden/commitgraph/pkg/ingestlog/error_serializer.go:86.84,87.16 1 7
github.com/jedarden/commitgraph/pkg/ingestlog/error_serializer.go:87.16,89.3 1 0
github.com/jedarden/commitgraph/pkg/ingestlog/error_serializer.go:92.2,92.17 1 7
github.com/jedarden/commitgraph/pkg/ingestlog/error_serializer.go:92.17,97.3 1 2
github.com/jedarden/commitgraph/pkg/ingestlog/error_serializer.go:99.2,105.28 2 7
github.com/jedarden/commitgraph/pkg/ingestlog/error_serializer.go:105.28,107.3 1 5
github.com/jedarden/commitgraph/pkg/ingestlog/error_serializer.go:109.2,109.12 1 7
github.com/jedarden/commitgraph/pkg/ingestlog/error_serializer.go:120.37,121.16 1 57
github.com/jedarden/commitgraph/pkg/ingestlog/error_serializer.go:121.16,123.3 1 0
github.com/jedarden/commitgraph/pkg/ingestlog/error_serializer.go:126.2,129.20 2 57
github.com/jedarden/commitgraph/pkg/ingestlog/error_serializer.go:129.20,131.3 1 0
github.com/jedarden/commitgraph/pkg/ingestlog/error_serializer.go:134.2,137.35 2 57
github.com/jedarden/commitgraph/pkg/ingestlog/error_serializer.go:137.35,139.3 1 57
github.com/jedarden/commitgraph/pkg/ingestlog/error_serializer.go:142.2,145.57 2 57
github.com/jedarden/commitgraph/pkg/ingestlog/error_serializer.go:145.57,146.53 1 1
github.com/jedarden/commitgraph/pkg/ingestlog/error_serializer.go:146.53,148.4 1 1
github.com/jedarden/commitgraph/pkg/ingestlog/error_serializer.go:151.2,151.17 1 56
github.com/jedarden/commitgraph/pkg/ingestlog/error_serializer.go:155.47,167.34 2 61
github.com/jedarden/commitgraph/pkg/ingestlog/error_serializer.go:167.34,169.3 1 427
github.com/jedarden/commitgraph/pkg/ingestlog/error_serializer.go:173.2,173.56 1 61
github.com/jedarden/commitgraph/pkg/ingestlog/error_serializer.go:173.56,175.3 1 2
github.com/jedarden/commitgraph/pkg/ingestlog/error_serializer.go:177.2,177.56 1 61
github.com/jedarden/commitgraph/pkg/ingestlog/error_serializer.go:177.56,179.3 1 3
github.com/jedarden/commitgraph/pkg/ingestlog/error_serializer.go:181.2,181.17 1 61
github.com/jedarden/commitgraph/pkg/ingestlog/error_serializer.go:185.33,187.2 1 35
github.com/jedarden/commitgraph/pkg/ingestlog/error_serializer.go:190.51,196.12 4 46
github.com/jedarden/commitgraph/pkg/ingestlog/error_serializer.go:196.12,198.3 1 2
github.com/jedarden/commitgraph/pkg/ingestlog/error_serializer.go:200.2,205.6 4 44
github.com/jedarden/commitgraph/pkg/ingestlog/error_serializer.go:205.6,211.12 3 176
github.com/jedarden/commitgraph/pkg/ingestlog/error_serializer.go:211.12,212.9 1 44
github.com/jedarden/commitgraph/pkg/ingestlog/error_serializer.go:216.2,216.20 1 44
github.com/jedarden/commitgraph/pkg/ingestlog/error_serializer.go:227.40,228.16 1 6
github.com/jedarden/commitgraph/pkg/ingestlog/error_serializer.go:228.16,230.3 1 2
github.com/jedarden/commitgraph/pkg/ingestlog/error_serializer.go:232.2,235.21 3 4
github.com/jedarden/commitgraph/pkg/ingestlog/error_serializer.go:235.21,242.36 3 9
github.com/jedarden/commitgraph/pkg/ingestlog/error_serializer.go:243.36,244.27 1 5
github.com/jedarden/commitgraph/pkg/ingestlog/error_serializer.go:245.38,248.26 2 0
github.com/jedarden/commitgraph/pkg/ingestlog/error_serializer.go:248.26,250.5 1 0
github.com/jedarden/commitgraph/pkg/ingestlog/error_serializer.go:250.10,252.5 1 0
github.com/jedarden/commitgraph/pkg/ingestlog/error_serializer.go:253.11,254.14 1 4
github.com/jedarden/commitgraph/pkg/ingestlog/error_serializer.go:257.3,257.22 1 9
github.com/jedarden/commitgraph/pkg/ingestlog/error_serializer.go:257.22,259.9 1 0
github.com/jedarden/commitgraph/pkg/ingestlog/error_serializer.go:261.3,261.17 1 9
github.com/jedarden/commitgraph/pkg/ingestlog/error_serializer.go:264.2,264.14 1 4
github.com/jedarden/commitgraph/pkg/ingestlog/logger.go:22.26,27.2 1 44
github.com/jedarden/commitgraph/pkg/ingestlog/logger.go:30.54,35.2 1 6
github.com/jedarden/commitgraph/pkg/ingestlog/logger.go:49.42,54.2 1 50
github.com/jedarden/commitgraph/pkg/ingestlog/logger.go:117.47,120.2 2 6
github.com/jedarden/commitgraph/pkg/ingestlog/logger.go:125.49,128.2 2 2
github.com/jedarden/commitgraph/pkg/ingestlog/logger.go:133.49,136.2 2 1
github.com/jedarden/commitgraph/pkg/ingestlog/logger.go:139.59,142.2 2 31
github.com/jedarden/commitgraph/pkg/ingestlog/logger.go:145.61,148.2 2 13
github.com/jedarden/commitgraph/pkg/ingestlog/logger.go:151.61,157.2 5 5
github.com/jedarden/commitgraph/pkg/ingestlog/logger.go:160.47,164.2 3 3
github.com/jedarden/commitgraph/pkg/ingestlog/logger.go:168.53,173.2 4 2
github.com/jedarden/commitgraph/pkg/ingestlog/logger.go:178.55,183.2 4 2
github.com/jedarden/commitgraph/pkg/ingestlog/logger.go:187.36,190.2 2 11
github.com/jedarden/commitgraph/pkg/ingestlog/logger.go:193.45,195.2 1 15
github.com/jedarden/commitgraph/pkg/ingestlog/logger.go:198.41,212.2 10 1
github.com/jedarden/commitgraph/pkg/ingestlog/logger.go:253.51,258.24 4 6
github.com/jedarden/commitgraph/pkg/ingestlog/logger.go:258.24,260.3 1 6
github.com/jedarden/commitgraph/pkg/ingestlog/logger.go:262.2,263.32 2 6
github.com/jedarden/commitgraph/pkg/ingestlog/logger.go:263.32,266.3 2 5
github.com/jedarden/commitgraph/pkg/ingestlog/logger.go:268.2,291.16 3 6
github.com/jedarden/commitgraph/pkg/ingestlog/logger.go:291.16,293.3 1 0
github.com/jedarden/commitgraph/pkg/ingestlog/logger.go:295.2,299.12 4 6
github.com/jedarden/commitgraph/pkg/ingestlog/logger.go:314.59,330.2 7 1
github.com/jedarden/commitgraph/pkg/ingestlog/logger.go:333.47,335.30 1 9
github.com/jedarden/commitgraph/pkg/ingestlog/logger.go:335.30,337.3 1 9
github.com/jedarden/commitgraph/pkg/ingestlog/logger.go:340.2,340.23 1 9
github.com/jedarden/commitgraph/pkg/ingestlog/logger.go:340.23,342.3 1 1
github.com/jedarden/commitgraph/pkg/ingestlog/logger.go:343.2,343.32 1 8
github.com/jedarden/commitgraph/pkg/ingestlog/logger.go:343.32,345.3 1 1
github.com/jedarden/commitgraph/pkg/ingestlog/logger.go:346.2,346.29 1 7
github.com/jedarden/commitgraph/pkg/ingestlog/logger.go:346.29,348.3 1 1
github.com/jedarden/commitgraph/pkg/ingestlog/logger.go:351.2,352.16 2 6
github.com/jedarden/commitgraph/pkg/ingestlog/logger.go:352.16,354.3 1 0
github.com/jedarden/commitgraph/pkg/ingestlog/logger.go:357.2,359.12 2 6
github.com/jedarden/commitgraph/pkg/ingestlog/logger.go:363.50,365.30 1 50
github.com/jedarden/commitgraph/pkg/ingestlog/logger.go:365.30,367.3 1 25
github.com/jedarden/commitgraph/pkg/ingestlog/logger.go:370.2,370.30 1 50
github.com/jedarden/commitgraph/pkg/ingestlog/logger.go:370.30,372.3 1 3
github.com/jedarden/commitgraph/pkg/ingestlog/logger.go:373.2,373.39 1 47
github.com/jedarden/commitgraph/pkg/ingestlog/logger.go:373.39,375.3 1 2
github.com/jedarden/commitgraph/pkg/ingestlog/logger.go:380.2,383.45 3 45
github.com/jedarden/commitgraph/pkg/ingestlog/logger.go:383.45,385.3 1 2
github.com/jedarden/commitgraph/pkg/ingestlog/logger.go:388.2,389.16 2 43
github.com/jedarden/commitgraph/pkg/ingestlog/logger.go:389.16,391.3 1 0
github.com/jedarden/commitgraph/pkg/ingestlog/logger.go:394.2,396.12 2 43
github.com/jedarden/commitgraph/pkg/ingestlog/logger.go:400.210,416.48 3 1
github.com/jedarden/commitgraph/pkg/ingestlog/logger.go:416.48,420.3 2 0
github.com/jedarden/commitgraph/pkg/ingestlog/logger.go:424.194,439.50 3 1
github.com/jedarden/commitgraph/pkg/ingestlog/logger.go:439.50,443.3 2 0
github.com/jedarden/commitgraph/pkg/ingestlog/logger.go:453.71,454.19 1 7
github.com/jedarden/commitgraph/pkg/ingestlog/logger.go:455.17,459.4 1 1
github.com/jedarden/commitgraph/pkg/ingestlog/logger.go:460.17,464.4 1 1
github.com/jedarden/commitgraph/pkg/ingestlog/logger.go:465.22,469.4 1 1
github.com/jedarden/commitgraph/pkg/ingestlog/logger.go:470.22,474.4 1 2
github.com/jedarden/commitgraph/pkg/ingestlog/logger.go:475.21,479.4 1 1
github.com/jedarden/commitgraph/pkg/ingestlog/logger.go:480.10,484.4 1 1
github.com/jedarden/commitgraph/pkg/ingestlog/logger.go:489.62,495.25 3 1
github.com/jedarden/commitgraph/pkg/ingestlog/logger.go:496.15,497.35 1 0
github.com/jedarden/commitgraph/pkg/ingestlog/logger.go:498.17,499.37 1 0
github.com/jedarden/commitgraph/pkg/ingestlog/logger.go:500.17,501.37 1 0
github.com/jedarden/commitgraph/pkg/ingestlog/logger.go:502.10,506.26 3 1
github.com/jedarden/commitgraph/pkg/ingestlog/logger.go:509.2,509.16 1 1
github.com/jedarden/commitgraph/pkg/ingestlog/logger.go:509.16,511.3 1 0
github.com/jedarden/commitgraph/pkg/ingestlog/logger.go:514.2,516.12 2 1
github.com/jedarden/commitgraph/pkg/ingestlog/logger.go:535.55,541.52 4 3
github.com/jedarden/commitgraph/pkg/ingestlog/logger.go:541.52,544.3 2 3
github.com/jedarden/commitgraph/pkg/ingestlog/logger.go:545.2,553.56 6 3
github.com/jedarden/commitgraph/pkg/ingestlog/logger.go:553.56,555.3 1 3
github.com/jedarden/commitgraph/pkg/ingestlog/logger.go:558.2,558.27 1 3
github.com/jedarden/commitgraph/pkg/ingestlog/logger.go:558.27,560.29 2 2
github.com/jedarden/commitgraph/pkg/ingestlog/logger.go:560.29,562.4 1 2
github.com/jedarden/commitgraph/pkg/ingestlog/logger.go:566.2,568.32 3 3
github.com/jedarden/commitgraph/pkg/ingestlog/logger.go:568.32,571.3 2 1
github.com/jedarden/commitgraph/pkg/ingestlog/logger.go:574.2,574.54 1 3
github.com/jedarden/commitgraph/pkg/ingestlog/logger.go:574.54,581.3 6 3
github.com/jedarden/commitgraph/pkg/ingestlog/logger.go:583.2,583.25 1 3
github.com/jedarden/commitgraph/pkg/ingestlog/logger.go:606.106,617.2 1 1
github.com/jedarden/commitgraph/pkg/ingestlog/logger.go:620.37,622.12 2 1
github.com/jedarden/commitgraph/pkg/ingestlog/logger.go:622.12,625.7 3 1
github.com/jedarden/commitgraph/pkg/ingestlog/logger.go:625.7,626.11 1 2
github.com/jedarden/commitgraph/pkg/ingestlog/logger.go:627.20,634.19 7 1
github.com/jedarden/commitgraph/pkg/ingestlog/logger.go:635.23,636.11 1 1
github.com/jedarden/commitgraph/pkg/ingestlog/logger.go:646.36,653.2 6 1
github.com/jedarden/commitgraph/pkg/ingestlog/logger.go:656.55,660.41 3 2
github.com/jedarden/commitgraph/pkg/ingestlog/logger.go:660.41,663.3 1 0
github.com/jedarden/commitgraph/pkg/ingestlog/logger.go:664.2,667.38 4 2
github.com/jedarden/commitgraph/pkg/ingestlog/logger.go:671.39,694.2 1 1
github.com/jedarden/commitgraph/pkg/ingestlog/logger.go:697.37,714.2 1 1
github.com/jedarden/commitgraph/pkg/ingestlog/logger.go:734.54,735.16 1 29
github.com/jedarden/commitgraph/pkg/ingestlog/logger.go:735.16,737.3 1 3
github.com/jedarden/commitgraph/pkg/ingestlog/logger.go:739.2,742.74 2 26
github.com/jedarden/commitgraph/pkg/ingestlog/logger.go:742.74,744.3 1 7
github.com/jedarden/commitgraph/pkg/ingestlog/logger.go:747.2,751.33 1 19
github.com/jedarden/commitgraph/pkg/ingestlog/logger.go:751.33,753.3 1 7
github.com/jedarden/commitgraph/pkg/ingestlog/logger.go:756.2,760.37 1 12
github.com/jedarden/commitgraph/pkg/ingestlog/logger.go:760.37,762.3 1 3
github.com/jedarden/commitgraph/pkg/ingestlog/logger.go:765.2,765.43 1 9
github.com/jedarden/commitgraph/pkg/ingestlog/logger.go:765.43,767.3 1 4
github.com/jedarden/commitgraph/pkg/ingestlog/logger.go:768.2,768.43 1 5
github.com/jedarden/commitgraph/pkg/ingestlog/logger.go:768.43,770.3 1 3
github.com/jedarden/commitgraph/pkg/ingestlog/logger.go:773.2,773.18 1 2
github.com/jedarden/commitgraph/pkg/ingestlog/logger.go:777.38,779.2 1 216
github.com/jedarden/commitgraph/pkg/ingestlog/logger.go:799.192,804.16 4 12
github.com/jedarden/commitgraph/pkg/ingestlog/logger.go:804.16,808.3 2 11
github.com/jedarden/commitgraph/pkg/ingestlog/logger.go:810.2,830.3 1 12
github.com/jedarden/commitgraph/pkg/ingestlog/logger.go:834.46,836.57 2 0
github.com/jedarden/commitgraph/pkg/ingestlog/logger.go:836.57,840.3 2 0
github.com/jedarden/commitgraph/pkg/ingestlog/logger.go:844.48,846.59 2 0
github.com/jedarden/commitgraph/pkg/ingestlog/logger.go:846.59,850.3 2 0
github.com/jedarden/commitgraph/pkg/ingestlog/logger.go:871.186,876.16 4 7
github.com/jedarden/commitgraph/pkg/ingestlog/logger.go:876.16,880.3 2 6
github.com/jedarden/commitgraph/pkg/ingestlog/logger.go:882.2,896.3 1 7
github.com/jedarden/commitgraph/pkg/ingestlog/logger.go:910.76,912.17 1 19
github.com/jedarden/commitgraph/pkg/ingestlog/logger.go:912.17,914.3 1 2
github.com/jedarden/commitgraph/pkg/ingestlog/logger.go:915.2,915.26 1 17
github.com/jedarden/commitgraph/pkg/ingestlog/logger.go:915.26,917.3 1 1
github.com/jedarden/commitgraph/pkg/ingestlog/logger.go:919.2,922.8 1 16
github.com/jedarden/commitgraph/pkg/ingestlog/logger.go:934.42,936.18 1 22
github.com/jedarden/commitgraph/pkg/ingestlog/logger.go:936.18,938.3 1 5
github.com/jedarden/commitgraph/pkg/ingestlog/logger.go:939.2,939.15 1 17
github.com/jedarden/commitgraph/pkg/ingestlog/logger.go:950.48,952.21 1 22
github.com/jedarden/commitgraph/pkg/ingestlog/logger.go:952.21,954.3 1 5
github.com/jedarden/commitgraph/pkg/ingestlog/logger.go:955.2,955.18 1 17
github.com/jedarden/commitgraph/pkg/ingestlog/logger.go:966.48,968.21 1 22
github.com/jedarden/commitgraph/pkg/ingestlog/logger.go:968.21,970.3 1 5
github.com/jedarden/commitgraph/pkg/ingestlog/logger.go:971.2,971.18 1 17
github.com/jedarden/commitgraph/pkg/ingestlog/logger.go:983.59,985.20 1 22
github.com/jedarden/commitgraph/pkg/ingestlog/logger.go:985.20,987.3 1 1
github.com/jedarden/commitgraph/pkg/ingestlog/logger.go:988.2,988.22 1 21
github.com/jedarden/commitgraph/pkg/ingestlog/logger.go:1000.51,1002.18 1 26
github.com/jedarden/commitgraph/pkg/ingestlog/logger.go:1002.18,1004.3 1 1
github.com/jedarden/commitgraph/pkg/ingestlog/logger.go:1005.2,1005.20 1 25
github.com/jedarden/commitgraph/pkg/ingestlog/logger.go:1017.47,1019.16 1 25
github.com/jedarden/commitgraph/pkg/ingestlog/logger.go:1019.16,1021.3 1 1
github.com/jedarden/commitgraph/pkg/ingestlog/logger.go:1022.2,1022.18 1 24
github.com/jedarden/commitgraph/pkg/ingestlog/logger.go:1041.146,1043.20 1 28
github.com/jedarden/commitgraph/pkg/ingestlog/logger.go:1043.20,1045.3 1 1
github.com/jedarden/commitgraph/pkg/ingestlog/logger.go:1046.2,1046.18 1 27
github.com/jedarden/commitgraph/pkg/ingestlog/logger.go:1046.18,1048.3 1 1
github.com/jedarden/commitgraph/pkg/ingestlog/logger.go:1049.2,1049.16 1 26
github.com/jedarden/commitgraph/pkg/ingestlog/logger.go:1049.16,1051.3 1 1
github.com/jedarden/commitgraph/pkg/ingestlog/logger.go:1052.2,1052.15 1 25
github.com/jedarden/commitgraph/pkg/ingestlog/logger.go:1052.15,1054.3 1 1
github.com/jedarden/commitgraph/pkg/ingestlog/logger.go:1055.2,1055.24 1 24
github.com/jedarden/commitgraph/pkg/ingestlog/logger.go:1055.24,1057.3 1 2
github.com/jedarden/commitgraph/pkg/ingestlog/logger.go:1060.2,1060.21 1 22
github.com/jedarden/commitgraph/pkg/ingestlog/logger.go:1060.21,1062.3 1 1
github.com/jedarden/commitgraph/pkg/ingestlog/logger.go:1065.2,1066.45 2 22
github.com/jedarden/commitgraph/pkg/ingestlog/logger.go:1066.45,1068.3 1 1
github.com/jedarden/commitgraph/pkg/ingestlog/logger.go:1070.2,1078.8 1 22
github.com/jedarden/commitgraph/pkg/ingestlog/logger.go:1114.300,1116.19 1 15
github.com/jedarden/commitgraph/pkg/ingestlog/logger.go:1116.19,1118.3 1 1
github.com/jedarden/commitgraph/pkg/ingestlog/logger.go:1121.2,1121.55 1 15
github.com/jedarden/commitgraph/pkg/ingestlog/logger.go:1121.55,1123.3 1 1
github.com/jedarden/commitgraph/pkg/ingestlog/logger.go:1126.2,1136.20 5 14
github.com/jedarden/commitgraph/pkg/ingestlog/logger.go:1136.20,1138.3 1 0
github.com/jedarden/commitgraph/pkg/ingestlog/logger.go:1141.2,1151.24 5 14
github.com/jedarden/commitgraph/pkg/ingestlog/logger.go:1151.24,1153.3 1 0
github.com/jedarden/commitgraph/pkg/ingestlog/logger.go:1156.2,1157.22 2 14
github.com/jedarden/commitgraph/pkg/ingestlog/logger.go:1157.22,1159.3 1 0
github.com/jedarden/commitgraph/pkg/ingestlog/logger.go:1162.2,1163.20 2 14
github.com/jedarden/commitgraph/pkg/ingestlog/logger.go:1163.20,1165.3 1 0
github.com/jedarden/commitgraph/pkg/ingestlog/logger.go:1168.2,1169.24 2 14
github.com/jedarden/commitgraph/pkg/ingestlog/logger.go:1169.24,1171.3 1 0
github.com/jedarden/commitgraph/pkg/ingestlog/logger.go:1174.2,1191.19 4 14
github.com/jedarden/commitgraph/pkg/ingestlog/logger.go:1192.15,1193.43 1 4
github.com/jedarden/commitgraph/pkg/ingestlog/logger.go:1194.17,1195.45 1 9
github.com/jedarden/commitgraph/pkg/ingestlog/logger.go:1196.17,1197.45 1 1
github.com/jedarden/commitgraph/pkg/ingestlog/logger.go:1198.10,1200.43 1 0
github.com/jedarden/commitgraph/pkg/ingestlog/logger.go:1204.2,1204.19 1 14
github.com/jedarden/commitgraph/pkg/ingestlog/logger.go:1204.19,1208.21 2 0
github.com/jedarden/commitgraph/pkg/ingestlog/logger.go:1208.21,1212.4 1 0
github.com/jedarden/commitgraph/pkg/ingestlog/logger.go:1215.3,1216.23 2 0
github.com/jedarden/commitgraph/pkg/ingestlog/logger.go:1216.23,1220.4 1 0
github.com/jedarden/commitgraph/pkg/ingestlog/logger.go:1223.3,1223.13 1 0
github.com/jedarden/commitgraph/pkg/ingestlog/logger.go:1226.2,1226.12 1 14
github.com/jedarden/commitgraph/pkg/ingestlog/logger.go:1261.59,1262.21 1 23
github.com/jedarden/commitgraph/pkg/ingestlog/logger.go:1262.21,1264.3 1 13
github.com/jedarden/commitgraph/pkg/ingestlog/logger.go:1266.2,1266.28 1 10
github.com/jedarden/commitgraph/pkg/ingestlog/logger.go:1266.28,1267.34 1 9
github.com/jedarden/commitgraph/pkg/ingestlog/logger.go:1267.34,1269.4 1 4
github.com/jedarden/commitgraph/pkg/ingestlog/logger.go:1272.2,1272.12 1 6
github.com/jedarden/commitgraph/pkg/ingestlog/logger.go:1318.154,1321.19 1 2
github.com/jedarden/commitgraph/pkg/ingestlog/logger.go:1321.19,1323.3 1 0
github.com/jedarden/commitgraph/pkg/ingestlog/logger.go:1326.2,1326.26 1 2
github.com/jedarden/commitgraph/pkg/ingestlog/logger.go:1326.26,1328.3 1 0
github.com/jedarden/commitgraph/pkg/ingestlog/logger.go:1329.2,1329.29 1 2
github.com/jedarden/commitgraph/pkg/ingestlog/logger.go:1329.29,1331.3 1 0
github.com/jedarden/commitgraph/pkg/ingestlog/logger.go:1332.2,1332.29 1 2
github.com/jedarden/commitgraph/pkg/ingestlog/logger.go:1332.29,1334.3 1 0
github.com/jedarden/commitgraph/pkg/ingestlog/logger.go:1337.2,1337.32 1 2
github.com/jedarden/commitgraph/pkg/ingestlog/logger.go:1337.32,1339.3 1 0
github.com/jedarden/commitgraph/pkg/ingestlog/logger.go:1340.2,1340.30 1 2
github.com/jedarden/commitgraph/pkg/ingestlog/logger.go:1340.30,1342.3 1 0
github.com/jedarden/commitgraph/pkg/ingestlog/logger.go:1343.2,1343.28 1 2
github.com/jedarden/commitgraph/pkg/ingestlog/logger.go:1343.28,1345.3 1 0
github.com/jedarden/commitgraph/pkg/ingestlog/logger.go:1348.2,1348.55 1 2
github.com/jedarden/commitgraph/pkg/ingestlog/logger.go:1348.55,1350.3 1 0
github.com/jedarden/commitgraph/pkg/ingestlog/logger.go:1353.2,1382.16 4 2
github.com/jedarden/commitgraph/pkg/ingestlog/logger.go:1382.16,1384.3 1 1
github.com/jedarden/commitgraph/pkg/ingestlog/logger.go:1385.2,1389.19 3 2
github.com/jedarden/commitgraph/pkg/ingestlog/logger.go:1390.15,1391.43 1 0
github.com/jedarden/commitgraph/pkg/ingestlog/logger.go:1392.17,1393.45 1 1
github.com/jedarden/commitgraph/pkg/ingestlog/logger.go:1394.17,1395.45 1 1
github.com/jedarden/commitgraph/pkg/ingestlog/logger.go:1396.10,1398.45 1 0
github.com/jedarden/commitgraph/pkg/ingestlog/logger.go:1402.2,1402.19 1 2
github.com/jedarden/commitgraph/pkg/ingestlog/logger.go:1402.19,1404.3 1 0
github.com/jedarden/commitgraph/pkg/ingestlog/logger.go:1406.2,1406.12 1 2
