mode: count
github.com/jedarden/commitgraph/pkg/identity/ingest.go:32.42,33.19 1 105
github.com/jedarden/commitgraph/pkg/identity/ingest.go:33.19,35.3 1 3
github.com/jedarden/commitgraph/pkg/identity/ingest.go:36.2,36.19 1 102
github.com/jedarden/commitgraph/pkg/identity/ingest.go:36.19,38.3 1 3
github.com/jedarden/commitgraph/pkg/identity/ingest.go:39.2,39.18 1 99
github.com/jedarden/commitgraph/pkg/identity/ingest.go:40.44,40.44 0 96
github.com/jedarden/commitgraph/pkg/identity/ingest.go:42.10,43.84 1 3
github.com/jedarden/commitgraph/pkg/identity/ingest.go:45.2,45.27 1 96
github.com/jedarden/commitgraph/pkg/identity/ingest.go:45.27,47.3 1 3
github.com/jedarden/commitgraph/pkg/identity/ingest.go:48.2,48.12 1 93
github.com/jedarden/commitgraph/pkg/identity/ingest.go:63.37,65.2 1 5
github.com/jedarden/commitgraph/pkg/identity/ingest.go:99.35,107.2 1 23
github.com/jedarden/commitgraph/pkg/identity/ingest.go:131.86,132.20 1 32
github.com/jedarden/commitgraph/pkg/identity/ingest.go:132.20,134.3 1 2
github.com/jedarden/commitgraph/pkg/identity/ingest.go:137.2,140.24 2 30
github.com/jedarden/commitgraph/pkg/identity/ingest.go:140.24,141.46 1 91
github.com/jedarden/commitgraph/pkg/identity/ingest.go:141.46,143.4 1 4
github.com/jedarden/commitgraph/pkg/identity/ingest.go:147.2,148.16 2 26
github.com/jedarden/commitgraph/pkg/identity/ingest.go:148.16,150.3 1 1
github.com/jedarden/commitgraph/pkg/identity/ingest.go:151.2,153.48 3 25
github.com/jedarden/commitgraph/pkg/identity/ingest.go:153.48,155.3 1 27
github.com/jedarden/commitgraph/pkg/identity/ingest.go:156.2,156.12 1 25
github.com/jedarden/commitgraph/pkg/identity/ingest.go:160.41,162.2 1 21
github.com/jedarden/commitgraph/pkg/identity/ingest.go:165.40,167.2 1 14
github.com/jedarden/commitgraph/pkg/identity/ingest.go:170.39,172.2 1 15
github.com/jedarden/commitgraph/pkg/identity/ingest.go:175.58,177.2 1 11
github.com/jedarden/commitgraph/pkg/identity/snapshot.go:39.46,40.44 1 1
github.com/jedarden/commitgraph/pkg/identity/snapshot.go:40.44,42.3 1 1
github.com/jedarden/commitgraph/pkg/identity/snapshot.go:65.99,68.27 2 19
github.com/jedarden/commitgraph/pkg/identity/snapshot.go:68.27,70.3 1 1
github.com/jedarden/commitgraph/pkg/identity/snapshot.go:74.2,79.16 2 19
github.com/jedarden/commitgraph/pkg/identity/snapshot.go:79.16,81.3 1 0
github.com/jedarden/commitgraph/pkg/identity/snapshot.go:82.2,90.18 5 19
github.com/jedarden/commitgraph/pkg/identity/snapshot.go:90.18,94.73 3 25
github.com/jedarden/commitgraph/pkg/identity/snapshot.go:94.73,96.4 1 0
github.com/jedarden/commitgraph/pkg/identity/snapshot.go:99.3,100.89 2 25
github.com/jedarden/commitgraph/pkg/identity/snapshot.go:100.89,102.4 1 1
github.com/jedarden/commitgraph/pkg/identity/snapshot.go:107.3,108.58 2 24
github.com/jedarden/commitgraph/pkg/identity/snapshot.go:108.58,110.4 1 0
github.com/jedarden/commitgraph/pkg/identity/snapshot.go:113.3,113.30 1 24
github.com/jedarden/commitgraph/pkg/identity/snapshot.go:113.30,120.4 1 2
github.com/jedarden/commitgraph/pkg/identity/snapshot.go:122.3,122.10 1 24
github.com/jedarden/commitgraph/pkg/identity/snapshot.go:125.2,125.35 1 18
github.com/jedarden/commitgraph/pkg/identity/snapshot.go:125.35,127.3 1 0
github.com/jedarden/commitgraph/pkg/identity/snapshot.go:130.2,137.8 3 18
github.com/jedarden/commitgraph/pkg/identity/snapshot.go:147.68,149.26 1 7
github.com/jedarden/commitgraph/pkg/identity/snapshot.go:149.26,151.3 1 1
github.com/jedarden/commitgraph/pkg/identity/snapshot.go:152.2,152.14 1 6
github.com/jedarden/commitgraph/pkg/identity/snapshot.go:152.14,154.3 1 1
github.com/jedarden/commitgraph/pkg/identity/snapshot.go:155.2,155.14 1 5
github.com/jedarden/commitgraph/pkg/identity/snapshot.go:155.14,157.3 1 1
github.com/jedarden/commitgraph/pkg/identity/snapshot.go:160.2,160.30 1 4
github.com/jedarden/commitgraph/pkg/identity/snapshot.go:160.30,162.3 1 1
github.com/jedarden/commitgraph/pkg/identity/snapshot.go:165.2,165.22 1 3
github.com/jedarden/commitgraph/pkg/identity/snapshot.go:165.22,167.3 1 1
github.com/jedarden/commitgraph/pkg/identity/snapshot.go:170.2,170.18 1 2
