mode: set
github.com/jedarden/commitgraph/pkg/pg/identity.go:51.46,53.2 1 0
github.com/jedarden/commitgraph/pkg/pg/identity.go:55.107,57.2 1 0
github.com/jedarden/commitgraph/pkg/pg/identity.go:59.99,61.2 1 0
github.com/jedarden/commitgraph/pkg/pg/identity.go:63.106,65.2 1 0
github.com/jedarden/commitgraph/pkg/pg/identity.go:68.57,70.2 1 0
github.com/jedarden/commitgraph/pkg/pg/identity.go:94.134,95.20 1 0
github.com/jedarden/commitgraph/pkg/pg/identity.go:95.20,101.3 1 0
github.com/jedarden/commitgraph/pkg/pg/identity.go:105.2,112.29 3 0
github.com/jedarden/commitgraph/pkg/pg/identity.go:112.29,114.3 1 0
github.com/jedarden/commitgraph/pkg/pg/identity.go:117.2,123.16 3 0
github.com/jedarden/commitgraph/pkg/pg/identity.go:123.16,125.3 1 0
github.com/jedarden/commitgraph/pkg/pg/identity.go:126.2,128.24 2 0
github.com/jedarden/commitgraph/pkg/pg/identity.go:128.24,131.79 3 0
github.com/jedarden/commitgraph/pkg/pg/identity.go:131.79,133.4 1 0
github.com/jedarden/commitgraph/pkg/pg/identity.go:134.3,142.4 1 0
github.com/jedarden/commitgraph/pkg/pg/identity.go:144.2,144.29 1 0
github.com/jedarden/commitgraph/pkg/pg/identity.go:144.29,146.3 1 0
github.com/jedarden/commitgraph/pkg/pg/identity.go:150.2,153.27 3 0
github.com/jedarden/commitgraph/pkg/pg/identity.go:153.27,155.14 2 0
github.com/jedarden/commitgraph/pkg/pg/identity.go:155.14,158.12 2 0
github.com/jedarden/commitgraph/pkg/pg/identity.go:162.3,165.18 2 0
github.com/jedarden/commitgraph/pkg/pg/identity.go:165.18,167.35 1 0
github.com/jedarden/commitgraph/pkg/pg/identity.go:167.35,170.5 1 0
github.com/jedarden/commitgraph/pkg/pg/identity.go:170.10,173.5 1 0
github.com/jedarden/commitgraph/pkg/pg/identity.go:174.9,176.4 1 0
github.com/jedarden/commitgraph/pkg/pg/identity.go:182.2,203.29 6 0
github.com/jedarden/commitgraph/pkg/pg/identity.go:203.29,208.3 4 0
github.com/jedarden/commitgraph/pkg/pg/identity.go:211.2,212.16 2 0
github.com/jedarden/commitgraph/pkg/pg/identity.go:212.16,214.3 1 0
github.com/jedarden/commitgraph/pkg/pg/identity.go:217.2,218.16 2 0
github.com/jedarden/commitgraph/pkg/pg/identity.go:218.16,221.3 1 0
github.com/jedarden/commitgraph/pkg/pg/identity.go:224.2,233.8 4 0
github.com/jedarden/commitgraph/pkg/pg/repo.go:16.49,18.2 1 0
github.com/jedarden/commitgraph/pkg/pg/repo.go:45.97,46.24 1 0
github.com/jedarden/commitgraph/pkg/pg/repo.go:46.24,48.3 1 0
github.com/jedarden/commitgraph/pkg/pg/repo.go:49.2,49.28 1 0
github.com/jedarden/commitgraph/pkg/pg/repo.go:49.28,51.3 1 0
github.com/jedarden/commitgraph/pkg/pg/repo.go:52.2,52.24 1 0
github.com/jedarden/commitgraph/pkg/pg/repo.go:52.24,54.3 1 0
github.com/jedarden/commitgraph/pkg/pg/repo.go:56.2,59.27 3 0
github.com/jedarden/commitgraph/pkg/pg/repo.go:59.27,68.3 2 0
github.com/jedarden/commitgraph/pkg/pg/repo.go:68.8,70.31 1 0
github.com/jedarden/commitgraph/pkg/pg/repo.go:70.31,72.4 1 0
github.com/jedarden/commitgraph/pkg/pg/repo.go:73.3,79.92 2 0
github.com/jedarden/commitgraph/pkg/pg/repo.go:82.2,83.16 2 0
github.com/jedarden/commitgraph/pkg/pg/repo.go:83.16,85.3 1 0
github.com/jedarden/commitgraph/pkg/pg/repo.go:87.2,88.26 2 0
github.com/jedarden/commitgraph/pkg/pg/repo.go:93.117,94.20 1 0
github.com/jedarden/commitgraph/pkg/pg/repo.go:94.20,96.3 1 0
github.com/jedarden/commitgraph/pkg/pg/repo.go:97.2,97.24 1 0
github.com/jedarden/commitgraph/pkg/pg/repo.go:97.24,99.3 1 0
github.com/jedarden/commitgraph/pkg/pg/repo.go:101.2,111.16 5 0
github.com/jedarden/commitgraph/pkg/pg/repo.go:111.16,113.3 1 0
github.com/jedarden/commitgraph/pkg/pg/repo.go:116.2,117.27 2 0
github.com/jedarden/commitgraph/pkg/pg/repo.go:117.27,119.3 1 0
github.com/jedarden/commitgraph/pkg/pg/repo.go:121.2,121.32 1 0
github.com/jedarden/commitgraph/pkg/pg/repo.go:126.85,135.16 3 0
github.com/jedarden/commitgraph/pkg/pg/repo.go:135.16,137.3 1 0
github.com/jedarden/commitgraph/pkg/pg/repo.go:138.2,141.18 3 0
github.com/jedarden/commitgraph/pkg/pg/repo.go:141.18,146.17 4 0
github.com/jedarden/commitgraph/pkg/pg/repo.go:146.17,148.4 1 0
github.com/jedarden/commitgraph/pkg/pg/repo.go:150.3,150.28 1 0
github.com/jedarden/commitgraph/pkg/pg/repo.go:150.28,152.4 1 0
github.com/jedarden/commitgraph/pkg/pg/repo.go:154.3,154.40 1 0
github.com/jedarden/commitgraph/pkg/pg/repo.go:157.2,157.37 1 0
github.com/jedarden/commitgraph/pkg/pg/repo.go:157.37,159.3 1 0
github.com/jedarden/commitgraph/pkg/pg/repo.go:161.2,161.24 1 0
github.com/jedarden/commitgraph/pkg/pg/test_helpers.go:4.38,6.2 1 1
github.com/jedarden/commitgraph/pkg/pg/test_helpers.go:8.42,9.43 1 1
github.com/jedarden/commitgraph/pkg/pg/test_helpers.go:9.43,10.35 1 1
github.com/jedarden/commitgraph/pkg/pg/test_helpers.go:10.35,12.4 1 1
github.com/jedarden/commitgraph/pkg/pg/test_helpers.go:14.2,14.14 1 0
github.com/jedarden/commitgraph/pkg/pg/test_mocks.go:21.108,24.19 3 0
github.com/jedarden/commitgraph/pkg/pg/test_mocks.go:24.19,26.3 1 0
github.com/jedarden/commitgraph/pkg/pg/test_mocks.go:27.2,27.55 1 0
github.com/jedarden/commitgraph/pkg/pg/test_mocks.go:30.107,33.19 3 0
github.com/jedarden/commitgraph/pkg/pg/test_mocks.go:33.19,35.3 1 0
github.com/jedarden/commitgraph/pkg/pg/test_mocks.go:37.2,37.25 1 0
github.com/jedarden/commitgraph/pkg/pg/test_mocks.go:40.100,45.2 3 0
github.com/jedarden/commitgraph/pkg/pg/test_mocks.go:52.52,54.2 1 0
github.com/jedarden/commitgraph/pkg/pg/test_mocks.go:61.36,63.2 1 1
github.com/jedarden/commitgraph/pkg/pg/test_mocks.go:72.32,74.2 1 0
github.com/jedarden/commitgraph/pkg/pg/test_mocks.go:76.52,77.19 1 0
github.com/jedarden/commitgraph/pkg/pg/test_mocks.go:77.19,79.3 1 0
github.com/jedarden/commitgraph/pkg/pg/test_mocks.go:80.2,80.12 1 0
github.com/jedarden/commitgraph/pkg/pg/test_mocks.go:83.34,85.2 1 0
github.com/jedarden/commitgraph/pkg/pg/test_mocks.go:87.32,88.19 1 0
github.com/jedarden/commitgraph/pkg/pg/test_mocks.go:88.19,90.3 1 0
github.com/jedarden/commitgraph/pkg/pg/test_mocks.go:91.2,91.12 1 0
github.com/jedarden/commitgraph/pkg/pg/test_mocks.go:100.51,101.19 1 0
github.com/jedarden/commitgraph/pkg/pg/test_mocks.go:101.19,103.3 1 0
github.com/jedarden/commitgraph/pkg/pg/test_mocks.go:104.2,104.12 1 0
github.com/jedarden/commitgraph/pkg/pg/test_mocks.go:118.114,121.19 3 1
github.com/jedarden/commitgraph/pkg/pg/test_mocks.go:121.19,123.3 1 1
github.com/jedarden/commitgraph/pkg/pg/test_mocks.go:124.2,124.58 1 1
github.com/jedarden/commitgraph/pkg/pg/test_mocks.go:127.114,130.19 3 0
github.com/jedarden/commitgraph/pkg/pg/test_mocks.go:130.19,132.3 1 0
github.com/jedarden/commitgraph/pkg/pg/test_mocks.go:134.2,134.17 1 0
github.com/jedarden/commitgraph/pkg/pg/test_mocks.go:137.107,142.2 3 0
github.com/jedarden/commitgraph/pkg/pg/test_mocks.go:149.55,151.2 1 1
github.com/jedarden/commitgraph/pkg/pg/test_mocks.go:153.55,155.2 1 0
github.com/jedarden/commitgraph/pkg/pg/user_aliases.go:26.53,28.2 1 1
github.com/jedarden/commitgraph/pkg/pg/user_aliases.go:46.83,47.20 1 1
github.com/jedarden/commitgraph/pkg/pg/user_aliases.go:47.20,49.3 1 1
github.com/jedarden/commitgraph/pkg/pg/user_aliases.go:52.2,70.29 6 1
github.com/jedarden/commitgraph/pkg/pg/user_aliases.go:70.29,75.3 4 1
github.com/jedarden/commitgraph/pkg/pg/user_aliases.go:78.2,79.16 2 1
github.com/jedarden/commitgraph/pkg/pg/user_aliases.go:79.16,81.3 1 1
github.com/jedarden/commitgraph/pkg/pg/user_aliases.go:84.2,87.12 3 1
github.com/jedarden/commitgraph/pkg/pg/user_aliases.go:92.89,100.16 3 0
github.com/jedarden/commitgraph/pkg/pg/user_aliases.go:100.16,102.3 1 0
github.com/jedarden/commitgraph/pkg/pg/user_aliases.go:103.2,106.18 3 0
github.com/jedarden/commitgraph/pkg/pg/user_aliases.go:106.18,108.63 2 0
github.com/jedarden/commitgraph/pkg/pg/user_aliases.go:108.63,110.4 1 0
github.com/jedarden/commitgraph/pkg/pg/user_aliases.go:111.3,111.37 1 0
github.com/jedarden/commitgraph/pkg/pg/user_aliases.go:114.2,114.35 1 0
github.com/jedarden/commitgraph/pkg/pg/user_aliases.go:114.35,116.3 1 0
github.com/jedarden/commitgraph/pkg/pg/user_aliases.go:118.2,118.21 1 0
github.com/jedarden/commitgraph/pkg/pg/user_aliases.go:123.103,124.28 1 1
github.com/jedarden/commitgraph/pkg/pg/user_aliases.go:124.28,126.3 1 1
github.com/jedarden/commitgraph/pkg/pg/user_aliases.go:128.2,135.16 3 1
github.com/jedarden/commitgraph/pkg/pg/user_aliases.go:135.16,137.3 1 0
github.com/jedarden/commitgraph/pkg/pg/user_aliases.go:139.2,140.26 2 1
